[36m[browser][39m A tree hydrated but some attributes of the server rendered HTML didn't match the client properties. This won't be patched up. This can happen if a SSR-ed Client Component used:

- A server/client branch `if (typeof window !== 'undefined')`.
- Variable input such as `Date.now()` or `Math.random()` which changes each time it's called.
- Date formatting in a user's locale which doesn't match the server.
- External changing data without sending a snapshot of it along with the HTML.
- Invalid HTML tag nesting.

It can also happen if the client has a browser extension installed which messes with the HTML before React loaded.

https://react.dev/link/hydration-mismatch

  ...
    <HotReload globalError={[...]} webSocket={WebSocket} staticIndicatorState={{pathname:null, ...}}>
      <AppDevOverlayErrorBoundary globalError={[...]}>
        <ReplaySsrOnlyErrors>
        <DevRootHTTPAccessFallbackBoundary>
          <HTTPAccessFallbackBoundary notFound={<NotAllowedRootHTTPFallbackError>}>
            <HTTPAccessFallbackErrorBoundary pathname="/" notFound={<NotAllowedRootHTTPFallbackError>} ...>
              <RedirectBoundary>
                <RedirectErrorBoundary router={{...}}>
                  <Head headCacheNode={{rsc:{...}, ...}}>
                    <__next_viewport_boundary__>
                    <MetadataWrapper>
                      <div
                        hidden={true}
-                       bis_skin_checked="1"
                      >
                    ...
                  <__next_root_layout_boundary__>
                    <SegmentViewNode type="layout" pagePath="layout.tsx">
                      <SegmentTrieNode>
                      <link>
                      <script>
                      <script>
                      <RootLayout>
                        <html lang="en" className="geist_a715...">
                          <body
                            className="min-h-full flex flex-col"
-                           __processed_f9af9022-8910-41f6-8b39-96ff04eee0d6__="true"
-                           bis_register="W3sibWFzdGVyIjp0cnVlLCJleHRlbnNpb25JZCI6ImVwcGlvY2VtaG1ubGJoanBsY2drb2ZjaWll..."
                          >
                            ...
                              <SegmentViewNode type="page" pagePath="page.tsx">
                                <SegmentTrieNode>
                                <Home>
                                  <main className="bg-[#0b0c1...">
                                    <script>
                                    ...
                                      <HomeContent>
                                        <ModeSelect onSelect={function onSelect}>
                                          <div
                                            className="relative w-screen min-h-screen bg-[#0b0c14] flex flex-col items..."
-                                           bis_skin_checked="1"
                                          >
                                            <div
                                              className="absolute top-0 left-1/2 -translate-x-1/2 w-[600px] h-[320px] ..."
-                                             bis_skin_checked="1"
                                            >
                                            <div
                                              className="absolute bottom-0 left-1/4 w-64 h-64 bg-indigo-900/20 rounded..."
-                                             bis_skin_checked="1"
                                            >
                                            <div
                                              className="w-full max-w-sm sm:max-w-md lg:max-w-lg px-5 sm:px-8 py-8 sm:..."
-                                             bis_skin_checked="1"
                                            >
                                              <motion.div initial={{opacity:0,y:-20}} animate={{opacity:1,y:0}} ...>
                                                <div
                                                  className="text-center"
                                                  style={{opacity:0,transform:"translateY..."}}
                                                  ref={function useMotionRef.useCallback}
-                                                 bis_skin_checked="1"
                                                >
                                              <motion.div initial={{opacity:0}} animate={{opacity:1}} ...>
                                                <div
                                                  className="text-center text-xs sm:text-sm text-zinc-400 leading-snug..."
                                                  style={{opacity:0}}
                                                  ref={function useMotionRef.useCallback}
-                                                 bis_skin_checked="1"
                                                >
                                              <motion.div initial={{opacity:0, ...}} animate={{opacity:1,scale:1}} ...>
                                                <div
                                                  className="flex items-center gap-2 px-4 py-1.5 rounded-full bg-zinc-..."
                                                  style={{opacity:0,transform:"scale(0.88)"}}
                                                  ref={function useMotionRef.useCallback}
-                                                 bis_skin_checked="1"
                                                >
                                              <div
                                                className="mt-2 flex items-center gap-2"
-                                               bis_skin_checked="1"
                                              >
                                              ...
                                                <PopChildMeasure isPresent={true} childRef={{current:null}} ...>
                                                  <motion.div initial={{opacity:0,y:24}} animate={{opacity:1,y:0}} ...>
                                                    <div
                                                      className="w-full rounded-2xl border border-zinc-800 bg-zinc-900..."
                                                      style={{opacity:0,transform:"translateY..."}}
                                                      ref={function useMotionRef.useCallback}
-                                                     bis_skin_checked="1"
                                                    >
                                                      <div
                                                        className="relative w-16 h-16 flex items-center justify-center"
-                                                       bis_skin_checked="1"
                                                      >
                                                      <div
-                                                       bis_skin_checked="1"
                                                      >
                                                      ...
                                              ...
                                                <PopChildMeasure isPresent={true} childRef={{current:null}} ...>
                                                  <motion.div initial={{opacity:0,y:16}} animate={{opacity:1,y:0}} ...>
                                                    <div
                                                      className="w-full flex flex-col gap-3 mt-1 sm:grid sm:grid-cols-2"
                                                      style={{opacity:0,transform:"translateY..."}}
                                                      ref={function useMotionRef.useCallback}
-                                                     bis_skin_checked="1"
                                                    >
                                                      <div
                                                        className="w-full flex items-center gap-4 px-5 py-4 rounded-2x..."
-                                                       bis_skin_checked="1"
                                                      >
                                                        <div
                                                          className="w-10 h-10 rounded-xl bg-yellow-500/15 flex items-..."
-                                                         bis_skin_checked="1"
                                                        >
+                                                         🏆
                                                        <div
                                                          className="flex-1"
-                                                         bis_skin_checked="1"
                                                        >
                                                        ...
                                                      <div
                                                        className="w-full flex items-center gap-4 px-5 py-4 rounded-2x..."
-                                                       bis_skin_checked="1"
                                                      >
                                                        <div
                                                          className="w-10 h-10 rounded-xl bg-indigo-500/20 flex items-..."
-                                                         bis_skin_checked="1"
                                                        >
+                                                         💬
                                                        <div
                                                          className="flex-1"
-                                                         bis_skin_checked="1"
                                                        >
                                                        ...
                                              ...
                                            ...
                                    <section aria-labelledby="how-emoggl..." className="border-t b...">
                                      <div
                                        className="mx-auto max-w-6xl"
-                                       bis_skin_checked="1"
                                      >
                                        <p>
                                        <h2>
                                        <p>
                                        <div
                                          className="mt-10 grid gap-5 md:grid-cols-2"
-                                         bis_skin_checked="1"
                                        >
                                        ...
                                    <section aria-labelledby="frequently..." className="bg-zinc-95...">
                                      <div
                                        className="mx-auto max-w-4xl"
-                                       bis_skin_checked="1"
                                      >
                                        <p>
                                        <h2>
                                        <div
                                          className="mt-9 divide-y divide-white/10 rounded-3xl border border-white/10 ..."
-                                         bis_skin_checked="1"
                                        >
                                        ...
                                    <nav aria-label="About Emoggle" className="border-t b...">
                                      <div
                                        className="mx-auto flex max-w-6xl flex-wrap items-center gap-x-6 gap-y-3 text-..."
-                                       bis_skin_checked="1"
                                      >
                            ...
                  ...
 
[36m[browser][39m [33mW0720 14:45:59.152000 2136208 face_landmarker_graph.cc:180] Sets FaceBlendshapesGraph acceleration to xnnpack by default.[39m [2m(http://localhost:3000/mediapipe/wasm/vision_wasm_internal.js:8351:22)[22m
[36m[browser][39m [33mW0720 14:46:00.159000 2136208 gl_context.cc:1118] OpenGL error checking is disabled[39m [2m(http://localhost:3000/mediapipe/wasm/vision_wasm_internal.js:8351:22)[22m
