Signaling server running on :3001
[+] Connected: IYKK1AUKUXuwgNMMAAAB
[-] Disconnected: IYKK1AUKUXuwgNMMAAAB
[+] Connected: FekZjmjSeTpWZraWAAAE
[-] Disconnected: FekZjmjSeTpWZraWAAAE
[+] Connected: aTM45yWtWAVH4fThAAAG
[-] Disconnected: aTM45yWtWAVH4fThAAAG
[+] Connected: 9a5B4ub53fwWjuaNAAAI
[-] Disconnected: 9a5B4ub53fwWjuaNAAAI
[+] Connected: gEwuoP6Vwj8LpbYVAAAK
[-] Disconnected: gEwuoP6Vwj8LpbYVAAAK
[+] Connected: HkRdqIr9tboSHtdeAAAM
[-] Disconnected: HkRdqIr9tboSHtdeAAAM
[+] Connected: WXrq4wbzCQflxcmkAAAO
[-] Disconnected: WXrq4wbzCQflxcmkAAAO
[+] Connected: _ysqlQaEGiyByXcJAAAQ
[-] Disconnected: _ysqlQaEGiyByXcJAAAQ
[+] Connected: Qc69D_QAn37EW4gHAAAS
[-] Disconnected: Qc69D_QAn37EW4gHAAAS
[+] Connected: OTGa3uv4Vg8E7g1BAAAU
[-] Disconnected: OTGa3uv4Vg8E7g1BAAAU
[+] Connected: X_HllDn_1bfkT9TNAAAW
[-] Disconnected: X_HllDn_1bfkT9TNAAAW
[+] Connected: deALzL2KJ77fW7vdAAAY
[-] Disconnected: deALzL2KJ77fW7vdAAAY
[+] Connected: ug5_iiFYD9FM8a7AAAAa
[-] Disconnected: ug5_iiFYD9FM8a7AAAAa
[+] Connected: 3VpAdLl70yGxzgvIAAAc
[-] Disconnected: 3VpAdLl70yGxzgvIAAAc
[+] Connected: aQeQUjhKDE6rNtjMAAAe
[-] Disconnected: aQeQUjhKDE6rNtjMAAAe
[+] Connected: 0mQ7k78HcFgz8aD3AAAg
[-] Disconnected: 0mQ7k78HcFgz8aD3AAAg
[+] Connected: S--1kGFXvUtLar1jAAAi
[-] Disconnected: S--1kGFXvUtLar1jAAAi
[+] Connected: UkHo5XsRkxoeX-lHAAAk
[-] Disconnected: UkHo5XsRkxoeX-lHAAAk
[+] Connected: zsDzkLLbzEJisjPaAAAm
[-] Disconnected: zsDzkLLbzEJisjPaAAAm
[+] Connected: 65A5J3KOc4pD2s3YAAAo
[-] Disconnected: 65A5J3KOc4pD2s3YAAAo
[+] Connected: 62veUQ8UHzwxTGQ3AAAq
[-] Disconnected: 62veUQ8UHzwxTGQ3AAAq
[+] Connected: cWHAxv-lhkBTbdhiAAAs
[-] Disconnected: cWHAxv-lhkBTbdhiAAAs
[+] Connected: y5jvvQS1CXBb6uGEAAAu
[-] Disconnected: y5jvvQS1CXBb6uGEAAAu
[+] Connected: EQtnzS2zchHwqTFpAAAw
[-] Disconnected: EQtnzS2zchHwqTFpAAAw
[+] Connected: joBzCYoVAnujd0QSAAAy
[-] Disconnected: joBzCYoVAnujd0QSAAAy
[+] Connected: tnuD_gNTKyfo18r3AAA0
[-] Disconnected: tnuD_gNTKyfo18r3AAA0
[+] Connected: E9MUQBk4zq9LfxCIAAA2
[-] Disconnected: E9MUQBk4zq9LfxCIAAA2
[+] Connected: RYQslXU-7_4V1AH2AAA4
[-] Disconnected: RYQslXU-7_4V1AH2AAA4
[+] Connected: DnLUUFEbCEQA-SfrAAA6
[-] Disconnected: DnLUUFEbCEQA-SfrAAA6
[+] Connected: h1Wi4_5dNa2pMyaRAAA8
[-] Disconnected: h1Wi4_5dNa2pMyaRAAA8
[+] Connected: V9dpXc4ObLIukDpgAAA-
[-] Disconnected: V9dpXc4ObLIukDpgAAA-
[+] Connected: jcSNhYrgNbxBRt1UAABA
[-] Disconnected: jcSNhYrgNbxBRt1UAABA
[+] Connected: oQTCfzKU6jsKwuieAABC
[-] Disconnected: oQTCfzKU6jsKwuieAABC
[+] Connected: whv4AcVoDFsYeP1wAABE
[-] Disconnected: whv4AcVoDFsYeP1wAABE
[+] Connected: GvPks_1yCbj61fLEAABG
[-] Disconnected: GvPks_1yCbj61fLEAABG
[+] Connected: omLo9aTjk9fxehJrAABI
[-] Disconnected: omLo9aTjk9fxehJrAABI
[+] Connected: 30QH_DYy_XcWzZ98AABK
[-] Disconnected: 30QH_DYy_XcWzZ98AABK
[+] Connected: Hzow23JrxAqQyTOBAABM
[-] Disconnected: Hzow23JrxAqQyTOBAABM
[+] Connected: dwCZwKXJp70bukiVAABO
[-] Disconnected: dwCZwKXJp70bukiVAABO
[+] Connected: NI3BAyOV-Uo3swfVAABQ
[-] Disconnected: NI3BAyOV-Uo3swfVAABQ
[+] Connected: SB1TIeaPI-CDUQWGAABS
[-] Disconnected: SB1TIeaPI-CDUQWGAABS
[+] Connected: bxluZE3-YZhZrdaPAABU
[-] Disconnected: bxluZE3-YZhZrdaPAABU
[+] Connected: Kb_YQhvLnMwfZ71hAABW
[-] Disconnected: Kb_YQhvLnMwfZ71hAABW
[+] Connected: 2lCL9ZEDoS0kCE4QAABY
[-] Disconnected: 2lCL9ZEDoS0kCE4QAABY
[+] Connected: CwEN5RwUAtjahWOVAABa
[-] Disconnected: CwEN5RwUAtjahWOVAABa
[+] Connected: jkaHzJe27wgzqZkvAABc
[-] Disconnected: jkaHzJe27wgzqZkvAABc
[+] Connected: fezKXkchAyOfjM8LAABe
[-] Disconnected: fezKXkchAyOfjM8LAABe
[+] Connected: VJVRvqgv9BrDcIVyAABg
[-] Disconnected: VJVRvqgv9BrDcIVyAABg
[+] Connected: Q0BW3Qv-zJc8HjrCAABi
